
Allocating common symbols
Common symbol       size              file

TIM_TimeBaseStructure
                    0xa               ..\obj\main.o
serial_rx_buff      0x64              ..\obj\serial_interface.o
TIM_ICInitStructure
                    0xa               ..\obj\main.o
str                 0xa               ..\obj\main.o
serial_tx_buff      0x64              ..\obj\serial_interface.o

Discarded input sections

 .text          0x00000000        0x0 ..\obj\stm32f10x_tim.o
 .data          0x00000000        0x0 ..\obj\stm32f10x_tim.o
 .bss           0x00000000        0x0 ..\obj\stm32f10x_tim.o
 .text.TIM_DeInit
                0x00000000      0x22c ..\obj\stm32f10x_tim.o
 .text.TIM_OC1Init
                0x00000000      0x118 ..\obj\stm32f10x_tim.o
 .text.TIM_OC2Init
                0x00000000      0x110 ..\obj\stm32f10x_tim.o
 .text.TIM_OC3Init
                0x00000000      0x10c ..\obj\stm32f10x_tim.o
 .text.TIM_OC4Init
                0x00000000       0xd0 ..\obj\stm32f10x_tim.o
 .text.TIM_PWMIConfig
                0x00000000       0xb8 ..\obj\stm32f10x_tim.o
 .text.TIM_BDTRConfig
                0x00000000       0x50 ..\obj\stm32f10x_tim.o
 .text.TIM_TimeBaseStructInit
                0x00000000       0x34 ..\obj\stm32f10x_tim.o
 .text.TIM_OCStructInit
                0x00000000       0x44 ..\obj\stm32f10x_tim.o
 .text.TIM_ICStructInit
                0x00000000       0x30 ..\obj\stm32f10x_tim.o
 .text.TIM_BDTRStructInit
                0x00000000       0x3c ..\obj\stm32f10x_tim.o
 .text.TIM_CtrlPWMOutputs
                0x00000000       0x4c ..\obj\stm32f10x_tim.o
 .text.TIM_GenerateEvent
                0x00000000       0x1c ..\obj\stm32f10x_tim.o
 .text.TIM_DMAConfig
                0x00000000       0x28 ..\obj\stm32f10x_tim.o
 .text.TIM_DMACmd
                0x00000000       0x48 ..\obj\stm32f10x_tim.o
 .text.TIM_InternalClockConfig
                0x00000000       0x24 ..\obj\stm32f10x_tim.o
 .text.TIM_ITRxExternalClockConfig
                0x00000000       0x2c ..\obj\stm32f10x_tim.o
 .text.TIM_TIxExternalClockConfig
                0x00000000       0x60 ..\obj\stm32f10x_tim.o
 .text.TIM_ETRClockMode1Config
                0x00000000       0x5c ..\obj\stm32f10x_tim.o
 .text.TIM_ETRClockMode2Config
                0x00000000       0x3c ..\obj\stm32f10x_tim.o
 .text.TIM_ETRConfig
                0x00000000       0x54 ..\obj\stm32f10x_tim.o
 .text.TIM_PrescalerConfig
                0x00000000       0x28 ..\obj\stm32f10x_tim.o
 .text.TIM_CounterModeConfig
                0x00000000       0x38 ..\obj\stm32f10x_tim.o
 .text.TIM_SelectInputTrigger
                0x00000000       0x38 ..\obj\stm32f10x_tim.o
 .text.TIM_EncoderInterfaceConfig
                0x00000000       0x98 ..\obj\stm32f10x_tim.o
 .text.TIM_ForcedOC1Config
                0x00000000       0x38 ..\obj\stm32f10x_tim.o
 .text.TIM_ForcedOC2Config
                0x00000000       0x3c ..\obj\stm32f10x_tim.o
 .text.TIM_ForcedOC3Config
                0x00000000       0x38 ..\obj\stm32f10x_tim.o
 .text.TIM_ForcedOC4Config
                0x00000000       0x3c ..\obj\stm32f10x_tim.o
 .text.TIM_ARRPreloadConfig
                0x00000000       0x40 ..\obj\stm32f10x_tim.o
 .text.TIM_SelectCOM
                0x00000000       0x40 ..\obj\stm32f10x_tim.o
 .text.TIM_SelectCCDMA
                0x00000000       0x40 ..\obj\stm32f10x_tim.o
 .text.TIM_CCPreloadControl
                0x00000000       0x40 ..\obj\stm32f10x_tim.o
 .text.TIM_OC1PreloadConfig
                0x00000000       0x38 ..\obj\stm32f10x_tim.o
 .text.TIM_OC2PreloadConfig
                0x00000000       0x3c ..\obj\stm32f10x_tim.o
 .text.TIM_OC3PreloadConfig
                0x00000000       0x38 ..\obj\stm32f10x_tim.o
 .text.TIM_OC4PreloadConfig
                0x00000000       0x3c ..\obj\stm32f10x_tim.o
 .text.TIM_OC1FastConfig
                0x00000000       0x38 ..\obj\stm32f10x_tim.o
 .text.TIM_OC2FastConfig
                0x00000000       0x3c ..\obj\stm32f10x_tim.o
 .text.TIM_OC3FastConfig
                0x00000000       0x38 ..\obj\stm32f10x_tim.o
 .text.TIM_OC4FastConfig
                0x00000000       0x3c ..\obj\stm32f10x_tim.o
 .text.TIM_ClearOC1Ref
                0x00000000       0x38 ..\obj\stm32f10x_tim.o
 .text.TIM_ClearOC2Ref
                0x00000000       0x3c ..\obj\stm32f10x_tim.o
 .text.TIM_ClearOC3Ref
                0x00000000       0x38 ..\obj\stm32f10x_tim.o
 .text.TIM_ClearOC4Ref
                0x00000000       0x3c ..\obj\stm32f10x_tim.o
 .text.TIM_OC1PolarityConfig
                0x00000000       0x38 ..\obj\stm32f10x_tim.o
 .text.TIM_OC1NPolarityConfig
                0x00000000       0x38 ..\obj\stm32f10x_tim.o
 .text.TIM_OC2PolarityConfig
                0x00000000       0x3c ..\obj\stm32f10x_tim.o
 .text.TIM_OC2NPolarityConfig
                0x00000000       0x3c ..\obj\stm32f10x_tim.o
 .text.TIM_OC3PolarityConfig
                0x00000000       0x3c ..\obj\stm32f10x_tim.o
 .text.TIM_OC3NPolarityConfig
                0x00000000       0x3c ..\obj\stm32f10x_tim.o
 .text.TIM_OC4PolarityConfig
                0x00000000       0x3c ..\obj\stm32f10x_tim.o
 .text.TIM_CCxCmd
                0x00000000       0x54 ..\obj\stm32f10x_tim.o
 .text.TIM_CCxNCmd
                0x00000000       0x54 ..\obj\stm32f10x_tim.o
 .text.TIM_SelectOCxM
                0x00000000       0xac ..\obj\stm32f10x_tim.o
 .text.TIM_UpdateDisableConfig
                0x00000000       0x40 ..\obj\stm32f10x_tim.o
 .text.TIM_UpdateRequestConfig
                0x00000000       0x40 ..\obj\stm32f10x_tim.o
 .text.TIM_SelectHallSensor
                0x00000000       0x40 ..\obj\stm32f10x_tim.o
 .text.TIM_SelectOnePulseMode
                0x00000000       0x38 ..\obj\stm32f10x_tim.o
 .text.TIM_SelectOutputTrigger
                0x00000000       0x38 ..\obj\stm32f10x_tim.o
 .text.TIM_SelectSlaveMode
                0x00000000       0x38 ..\obj\stm32f10x_tim.o
 .text.TIM_SelectMasterSlaveMode
                0x00000000       0x38 ..\obj\stm32f10x_tim.o
 .text.TIM_SetCounter
                0x00000000       0x1c ..\obj\stm32f10x_tim.o
 .text.TIM_SetAutoreload
                0x00000000       0x1c ..\obj\stm32f10x_tim.o
 .text.TIM_SetCompare1
                0x00000000       0x1c ..\obj\stm32f10x_tim.o
 .text.TIM_SetCompare2
                0x00000000       0x1c ..\obj\stm32f10x_tim.o
 .text.TIM_SetCompare3
                0x00000000       0x1c ..\obj\stm32f10x_tim.o
 .text.TIM_SetCompare4
                0x00000000       0x20 ..\obj\stm32f10x_tim.o
 .text.TIM_SetClockDivision
                0x00000000       0x38 ..\obj\stm32f10x_tim.o
 .text.TIM_GetCapture1
                0x00000000       0x1c ..\obj\stm32f10x_tim.o
 .text.TIM_GetCapture3
                0x00000000       0x1c ..\obj\stm32f10x_tim.o
 .text.TIM_GetCapture4
                0x00000000       0x1c ..\obj\stm32f10x_tim.o
 .text.TIM_GetCounter
                0x00000000       0x1c ..\obj\stm32f10x_tim.o
 .text.TIM_GetPrescaler
                0x00000000       0x1c ..\obj\stm32f10x_tim.o
 .text.TIM_GetFlagStatus
                0x00000000       0x38 ..\obj\stm32f10x_tim.o
 .text.TIM_ClearFlag
                0x00000000       0x20 ..\obj\stm32f10x_tim.o
 .text          0x00000000        0x0 ..\obj\system_stm32f10x.o
 .data          0x00000000       0x14 ..\obj\system_stm32f10x.o
 .bss           0x00000000        0x0 ..\obj\system_stm32f10x.o
 .text.SystemCoreClockUpdate
                0x00000000       0xdc ..\obj\system_stm32f10x.o
 .text          0x00000000        0x0 ..\obj\startup_stm32f10x_hd.o
 .data          0x00000000        0x0 ..\obj\startup_stm32f10x_hd.o
 .bss           0x00000000        0x0 ..\obj\startup_stm32f10x_hd.o
 .text          0x00000000        0x0 ..\obj\stm32f10x_gpio.o
 .data          0x00000000        0x0 ..\obj\stm32f10x_gpio.o
 .bss           0x00000000        0x0 ..\obj\stm32f10x_gpio.o
 .text.GPIO_DeInit
                0x00000000       0xe4 ..\obj\stm32f10x_gpio.o
 .text.GPIO_AFIODeInit
                0x00000000       0x18 ..\obj\stm32f10x_gpio.o
 .text.GPIO_StructInit
                0x00000000       0x28 ..\obj\stm32f10x_gpio.o
 .text.GPIO_ReadInputDataBit
                0x00000000       0x34 ..\obj\stm32f10x_gpio.o
 .text.GPIO_ReadInputData
                0x00000000       0x1c ..\obj\stm32f10x_gpio.o
 .text.GPIO_ReadOutputDataBit
                0x00000000       0x34 ..\obj\stm32f10x_gpio.o
 .text.GPIO_ReadOutputData
                0x00000000       0x1c ..\obj\stm32f10x_gpio.o
 .text.GPIO_SetBits
                0x00000000       0x1c ..\obj\stm32f10x_gpio.o
 .text.GPIO_ResetBits
                0x00000000       0x1c ..\obj\stm32f10x_gpio.o
 .text.GPIO_WriteBit
                0x00000000       0x30 ..\obj\stm32f10x_gpio.o
 .text.GPIO_Write
                0x00000000       0x1c ..\obj\stm32f10x_gpio.o
 .text.GPIO_PinLockConfig
                0x00000000       0x44 ..\obj\stm32f10x_gpio.o
 .text.GPIO_EventOutputConfig
                0x00000000       0x4c ..\obj\stm32f10x_gpio.o
 .text.GPIO_EventOutputCmd
                0x00000000       0x20 ..\obj\stm32f10x_gpio.o
 .text.GPIO_PinRemapConfig
                0x00000000       0xe0 ..\obj\stm32f10x_gpio.o
 .text.GPIO_EXTILineConfig
                0x00000000       0x84 ..\obj\stm32f10x_gpio.o
 .text.GPIO_ETH_MediaInterfaceConfig
                0x00000000       0x1c ..\obj\stm32f10x_gpio.o
 .text          0x00000000        0x0 ..\obj\main.o
 .data          0x00000000        0x0 ..\obj\main.o
 .text          0x00000000        0x0 ..\obj\stm32f10x_rcc.o
 .bss           0x00000000        0x0 ..\obj\stm32f10x_rcc.o
 .text.RCC_DeInit
                0x00000000       0x5c ..\obj\stm32f10x_rcc.o
 .text.RCC_HSEConfig
                0x00000000       0x5c ..\obj\stm32f10x_rcc.o
 .text.RCC_WaitForHSEStartUp
                0x00000000       0x50 ..\obj\stm32f10x_rcc.o
 .text.RCC_AdjustHSICalibrationValue
                0x00000000       0x3c ..\obj\stm32f10x_rcc.o
 .text.RCC_HSICmd
                0x00000000       0x20 ..\obj\stm32f10x_rcc.o
 .text.RCC_PLLConfig
                0x00000000       0x3c ..\obj\stm32f10x_rcc.o
 .text.RCC_PLLCmd
                0x00000000       0x20 ..\obj\stm32f10x_rcc.o
 .text.RCC_SYSCLKConfig
                0x00000000       0x38 ..\obj\stm32f10x_rcc.o
 .text.RCC_GetSYSCLKSource
                0x00000000       0x20 ..\obj\stm32f10x_rcc.o
 .text.RCC_HCLKConfig
                0x00000000       0x38 ..\obj\stm32f10x_rcc.o
 .text.RCC_PCLK1Config
                0x00000000       0x38 ..\obj\stm32f10x_rcc.o
 .text.RCC_PCLK2Config
                0x00000000       0x38 ..\obj\stm32f10x_rcc.o
 .text.RCC_ITConfig
                0x00000000       0x4c ..\obj\stm32f10x_rcc.o
 .text.RCC_USBCLKConfig
                0x00000000       0x1c ..\obj\stm32f10x_rcc.o
 .text.RCC_ADCCLKConfig
                0x00000000       0x38 ..\obj\stm32f10x_rcc.o
 .text.RCC_LSEConfig
                0x00000000       0x40 ..\obj\stm32f10x_rcc.o
 .text.RCC_LSICmd
                0x00000000       0x20 ..\obj\stm32f10x_rcc.o
 .text.RCC_RTCCLKConfig
                0x00000000       0x24 ..\obj\stm32f10x_rcc.o
 .text.RCC_RTCCLKCmd
                0x00000000       0x20 ..\obj\stm32f10x_rcc.o
 .text.RCC_AHBPeriphClockCmd
                0x00000000       0x3c ..\obj\stm32f10x_rcc.o
 .text.RCC_APB2PeriphResetCmd
                0x00000000       0x3c ..\obj\stm32f10x_rcc.o
 .text.RCC_APB1PeriphResetCmd
                0x00000000       0x3c ..\obj\stm32f10x_rcc.o
 .text.RCC_BackupResetCmd
                0x00000000       0x20 ..\obj\stm32f10x_rcc.o
 .text.RCC_ClockSecuritySystemCmd
                0x00000000       0x20 ..\obj\stm32f10x_rcc.o
 .text.RCC_MCOConfig
                0x00000000       0x20 ..\obj\stm32f10x_rcc.o
 .text.RCC_GetFlagStatus
                0x00000000       0x74 ..\obj\stm32f10x_rcc.o
 .text.RCC_ClearFlag
                0x00000000       0x1c ..\obj\stm32f10x_rcc.o
 .text.RCC_GetITStatus
                0x00000000       0x38 ..\obj\stm32f10x_rcc.o
 .text.RCC_ClearITPendingBit
                0x00000000       0x20 ..\obj\stm32f10x_rcc.o
 .text          0x00000000        0x0 ..\obj\stm32f10x_exti.o
 .data          0x00000000        0x0 ..\obj\stm32f10x_exti.o
 .bss           0x00000000        0x0 ..\obj\stm32f10x_exti.o
 .text.EXTI_DeInit
                0x00000000       0x34 ..\obj\stm32f10x_exti.o
 .text.EXTI_Init
                0x00000000       0xe4 ..\obj\stm32f10x_exti.o
 .text.EXTI_StructInit
                0x00000000       0x2c ..\obj\stm32f10x_exti.o
 .text.EXTI_GenerateSWInterrupt
                0x00000000       0x24 ..\obj\stm32f10x_exti.o
 .text.EXTI_GetFlagStatus
                0x00000000       0x34 ..\obj\stm32f10x_exti.o
 .text.EXTI_ClearFlag
                0x00000000       0x1c ..\obj\stm32f10x_exti.o
 .text.EXTI_GetITStatus
                0x00000000       0x48 ..\obj\stm32f10x_exti.o
 .text.EXTI_ClearITPendingBit
                0x00000000       0x1c ..\obj\stm32f10x_exti.o
 .debug_info    0x00000000      0x341 ..\obj\stm32f10x_exti.o
 .debug_abbrev  0x00000000      0x151 ..\obj\stm32f10x_exti.o
 .debug_aranges
                0x00000000       0x58 ..\obj\stm32f10x_exti.o
 .debug_ranges  0x00000000       0x48 ..\obj\stm32f10x_exti.o
 .debug_line    0x00000000      0x2cd ..\obj\stm32f10x_exti.o
 .debug_str     0x00000000      0x35d ..\obj\stm32f10x_exti.o
 .comment       0x00000000       0x71 ..\obj\stm32f10x_exti.o
 .debug_frame   0x00000000      0x148 ..\obj\stm32f10x_exti.o
 .ARM.attributes
                0x00000000       0x33 ..\obj\stm32f10x_exti.o
 .text          0x00000000        0x0 ..\obj\stm32f10x_usart.o
 .data          0x00000000        0x0 ..\obj\stm32f10x_usart.o
 .bss           0x00000000        0x0 ..\obj\stm32f10x_usart.o
 .text.USART_DeInit
                0x00000000       0xb8 ..\obj\stm32f10x_usart.o
 .text.USART_StructInit
                0x00000000       0x38 ..\obj\stm32f10x_usart.o
 .text.USART_ClockInit
                0x00000000       0x58 ..\obj\stm32f10x_usart.o
 .text.USART_ClockStructInit
                0x00000000       0x2c ..\obj\stm32f10x_usart.o
 .text.USART_DMACmd
                0x00000000       0x48 ..\obj\stm32f10x_usart.o
 .text.USART_SetAddress
                0x00000000       0x38 ..\obj\stm32f10x_usart.o
 .text.USART_WakeUpConfig
                0x00000000       0x38 ..\obj\stm32f10x_usart.o
 .text.USART_ReceiverWakeUpCmd
                0x00000000       0x40 ..\obj\stm32f10x_usart.o
 .text.USART_LINBreakDetectLengthConfig
                0x00000000       0x38 ..\obj\stm32f10x_usart.o
 .text.USART_LINCmd
                0x00000000       0x40 ..\obj\stm32f10x_usart.o
 .text.USART_SendBreak
                0x00000000       0x24 ..\obj\stm32f10x_usart.o
 .text.USART_SetGuardTime
                0x00000000       0x3c ..\obj\stm32f10x_usart.o
 .text.USART_SetPrescaler
                0x00000000       0x38 ..\obj\stm32f10x_usart.o
 .text.USART_SmartCardCmd
                0x00000000       0x40 ..\obj\stm32f10x_usart.o
 .text.USART_SmartCardNACKCmd
                0x00000000       0x40 ..\obj\stm32f10x_usart.o
 .text.USART_HalfDuplexCmd
                0x00000000       0x40 ..\obj\stm32f10x_usart.o
 .text.USART_OverSampling8Cmd
                0x00000000       0x44 ..\obj\stm32f10x_usart.o
 .text.USART_OneBitMethodCmd
                0x00000000       0x40 ..\obj\stm32f10x_usart.o
 .text.USART_IrDAConfig
                0x00000000       0x38 ..\obj\stm32f10x_usart.o
 .text.USART_IrDACmd
                0x00000000       0x40 ..\obj\stm32f10x_usart.o
 .text.USART_ClearFlag
                0x00000000       0x20 ..\obj\stm32f10x_usart.o
 .text.USART_ClearITPendingBit
                0x00000000       0x38 ..\obj\stm32f10x_usart.o
 .text          0x00000000        0x0 ..\obj\serial_interface.o
 .data          0x00000000        0x0 ..\obj\serial_interface.o
 .text.serial_put_char
                0x00000000       0x6c ..\obj\serial_interface.o
 .text.serial_get_char
                0x00000000       0x7c ..\obj\serial_interface.o
 .text.clear_serial_RX_data
                0x00000000       0x40 ..\obj\serial_interface.o
 .text          0x00000000        0x0 ..\obj\misc.o
 .data          0x00000000        0x0 ..\obj\misc.o
 .bss           0x00000000        0x0 ..\obj\misc.o
 .text.NVIC_PriorityGroupConfig
                0x00000000       0x24 ..\obj\misc.o
 .text.NVIC_SetVectorTable
                0x00000000       0x2c ..\obj\misc.o
 .text.NVIC_SystemLPConfig
                0x00000000       0x40 ..\obj\misc.o
 .text.SysTick_CLKSourceConfig
                0x00000000       0x38 ..\obj\misc.o

Memory Configuration

Name             Origin             Length             Attributes
rom              0x08000000         0x00080000         xr
ram              0x20000000         0x00010000         xrw
*default*        0x00000000         0xffffffff

Linker script and memory map

                0x20010000                _eram = 0x20010000

.text           0x08000000     0x163c
 *(.isr_vector)
 .isr_vector    0x08000000      0x134 ..\obj\startup_stm32f10x_hd.o
                0x08000000                g_pfnVectors
 *(.text*)
 .text.TIM_TimeBaseInit
                0x08000134       0xf8 ..\obj\stm32f10x_tim.o
                0x08000134                TIM_TimeBaseInit
 .text.TIM_ICInit
                0x0800022c       0xa8 ..\obj\stm32f10x_tim.o
                0x0800022c                TIM_ICInit
 .text.TIM_Cmd  0x080002d4       0x40 ..\obj\stm32f10x_tim.o
                0x080002d4                TIM_Cmd
 .text.TIM_ITConfig
                0x08000314       0x48 ..\obj\stm32f10x_tim.o
                0x08000314                TIM_ITConfig
 .text.TIM_SetIC1Prescaler
                0x0800035c       0x38 ..\obj\stm32f10x_tim.o
                0x0800035c                TIM_SetIC1Prescaler
 .text.TIM_SetIC2Prescaler
                0x08000394       0x3c ..\obj\stm32f10x_tim.o
                0x08000394                TIM_SetIC2Prescaler
 .text.TIM_SetIC3Prescaler
                0x080003d0       0x38 ..\obj\stm32f10x_tim.o
                0x080003d0                TIM_SetIC3Prescaler
 .text.TIM_SetIC4Prescaler
                0x08000408       0x3c ..\obj\stm32f10x_tim.o
                0x08000408                TIM_SetIC4Prescaler
 .text.TIM_GetCapture2
                0x08000444       0x1c ..\obj\stm32f10x_tim.o
                0x08000444                TIM_GetCapture2
 .text.TIM_GetITStatus
                0x08000460       0x54 ..\obj\stm32f10x_tim.o
                0x08000460                TIM_GetITStatus
 .text.TIM_ClearITPendingBit
                0x080004b4       0x20 ..\obj\stm32f10x_tim.o
                0x080004b4                TIM_ClearITPendingBit
 .text.TI1_Config
                0x080004d4       0xe0 ..\obj\stm32f10x_tim.o
 .text.TI2_Config
                0x080005b4       0xf4 ..\obj\stm32f10x_tim.o
 .text.TI3_Config
                0x080006a8       0xec ..\obj\stm32f10x_tim.o
 .text.TI4_Config
                0x08000794       0xf8 ..\obj\stm32f10x_tim.o
 .text.SystemInit
                0x0800088c       0x68 ..\obj\system_stm32f10x.o
                0x0800088c                SystemInit
 .text.SetSysClock
                0x080008f4        0xc ..\obj\system_stm32f10x.o
 .text.SetSysClockTo72
                0x08000900      0x100 ..\obj\system_stm32f10x.o
 .text.Default_Reset_Handler
                0x08000a00       0x5c ..\obj\startup_stm32f10x_hd.o
                0x08000a00                Default_Reset_Handler
                0x08000a00                Reset_Handler
 .text.Default_Handler
                0x08000a5c        0x8 ..\obj\startup_stm32f10x_hd.o
                0x08000a5c                EXTI2_IRQHandler
                0x08000a5c                TIM8_TRG_COM_IRQHandler
                0x08000a5c                TIM8_CC_IRQHandler
                0x08000a5c                DebugMon_Handler
                0x08000a5c                TIM1_CC_IRQHandler
                0x08000a5c                HardFault_Handler
                0x08000a5c                TIM6_IRQHandler
                0x08000a5c                SysTick_Handler
                0x08000a5c                PVD_IRQHandler
                0x08000a5c                SDIO_IRQHandler
                0x08000a5c                PendSV_Handler
                0x08000a5c                NMI_Handler
                0x08000a5c                EXTI3_IRQHandler
                0x08000a5c                EXTI0_IRQHandler
                0x08000a5c                I2C2_EV_IRQHandler
                0x08000a5c                UsageFault_Handler
                0x08000a5c                ADC1_2_IRQHandler
                0x08000a5c                SPI1_IRQHandler
                0x08000a5c                TAMPER_IRQHandler
                0x08000a5c                TIM8_UP_IRQHandler
                0x08000a5c                DMA2_Channel2_IRQHandler
                0x08000a5c                DMA1_Channel4_IRQHandler
                0x08000a5c                USART3_IRQHandler
                0x08000a5c                RTC_IRQHandler
                0x08000a5c                DMA1_Channel7_IRQHandler
                0x08000a5c                CAN1_RX1_IRQHandler
                0x08000a5c                UART5_IRQHandler
                0x08000a5c                ADC3_IRQHandler
                0x08000a5c                TIM4_IRQHandler
                0x08000a5c                DMA2_Channel1_IRQHandler
                0x08000a5c                I2C1_EV_IRQHandler
                0x08000a5c                DMA1_Channel6_IRQHandler
                0x08000a5c                UART4_IRQHandler
                0x08000a5c                RCC_IRQHandler
                0x08000a5c                TIM1_TRG_COM_IRQHandler
                0x08000a5c                DMA1_Channel1_IRQHandler
                0x08000a5c                EXTI15_10_IRQHandler
                0x08000a5c                TIM7_IRQHandler
                0x08000a5c                TIM5_IRQHandler
                0x08000a5c                EXTI9_5_IRQHandler
                0x08000a5c                SPI2_IRQHandler
                0x08000a5c                MemManage_Handler
                0x08000a5c                SVC_Handler
                0x08000a5c                DMA1_Channel5_IRQHandler
                0x08000a5c                EXTI4_IRQHandler
                0x08000a5c                USB_LP_CAN1_RX0_IRQHandler
                0x08000a5c                USB_HP_CAN1_TX_IRQHandler
                0x08000a5c                DMA1_Channel3_IRQHandler
                0x08000a5c                FSMC_IRQHandler
                0x08000a5c                TIM1_UP_IRQHandler
                0x08000a5c                WWDG_IRQHandler
                0x08000a5c                TIM2_IRQHandler
                0x08000a5c                TIM1_BRK_IRQHandler
                0x08000a5c                EXTI1_IRQHandler
                0x08000a5c                RTCAlarm_IRQHandler
                0x08000a5c                DMA2_Channel4_5_IRQHandler
                0x08000a5c                I2C2_ER_IRQHandler
                0x08000a5c                DMA1_Channel2_IRQHandler
                0x08000a5c                TIM8_BRK_IRQHandler
                0x08000a5c                CAN1_SCE_IRQHandler
                0x08000a5c                FLASH_IRQHandler
                0x08000a5c                BusFault_Handler
                0x08000a5c                USART1_IRQHandler
                0x08000a5c                SPI3_IRQHandler
                0x08000a5c                I2C1_ER_IRQHandler
                0x08000a5c                USBWakeUp_IRQHandler
                0x08000a5c                DMA2_Channel3_IRQHandler
 .text.GPIO_Init
                0x08000a64      0x180 ..\obj\stm32f10x_gpio.o
                0x08000a64                GPIO_Init
 .text.main     0x08000be4       0x7c ..\obj\main.o
                0x08000be4                main
 .text.RCC_Configuration
                0x08000c60       0x18 ..\obj\main.o
                0x08000c60                RCC_Configuration
 .text.GPIO_Configuration
                0x08000c78       0x28 ..\obj\main.o
                0x08000c78                GPIO_Configuration
 .text.NVIC_Configuration
                0x08000ca0       0x24 ..\obj\main.o
                0x08000ca0                NVIC_Configuration
 .text.TIM3_IRQHandler
                0x08000cc4       0xfc ..\obj\main.o
                0x08000cc4                TIM3_IRQHandler
 .text.RCC_GetClocksFreq
                0x08000dc0      0x164 ..\obj\stm32f10x_rcc.o
                0x08000dc0                RCC_GetClocksFreq
 .text.RCC_APB2PeriphClockCmd
                0x08000f24       0x3c ..\obj\stm32f10x_rcc.o
                0x08000f24                RCC_APB2PeriphClockCmd
 .text.RCC_APB1PeriphClockCmd
                0x08000f60       0x3c ..\obj\stm32f10x_rcc.o
                0x08000f60                RCC_APB1PeriphClockCmd
 .text.USART_Init
                0x08000f9c      0x174 ..\obj\stm32f10x_usart.o
                0x08000f9c                USART_Init
 .text.USART_Cmd
                0x08001110       0x40 ..\obj\stm32f10x_usart.o
                0x08001110                USART_Cmd
 .text.USART_ITConfig
                0x08001150       0x90 ..\obj\stm32f10x_usart.o
                0x08001150                USART_ITConfig
 .text.USART_SendData
                0x080011e0       0x24 ..\obj\stm32f10x_usart.o
                0x080011e0                USART_SendData
 .text.USART_ReceiveData
                0x08001204       0x20 ..\obj\stm32f10x_usart.o
                0x08001204                USART_ReceiveData
 .text.USART_GetFlagStatus
                0x08001224       0x38 ..\obj\stm32f10x_usart.o
                0x08001224                USART_GetFlagStatus
 .text.USART_GetITStatus
                0x0800125c       0xb8 ..\obj\stm32f10x_usart.o
                0x0800125c                USART_GetITStatus
 .text.serial_config
                0x08001314       0xb0 ..\obj\serial_interface.o
                0x08001314                serial_config
 .text.USART2_IRQHandler
                0x080013c4       0xd0 ..\obj\serial_interface.o
                0x080013c4                USART2_IRQHandler
 .text.uint_to_serial
                0x08001494       0x98 ..\obj\serial_interface.o
                0x08001494                uint_to_serial
 .text.UARTSend
                0x0800152c       0x44 ..\obj\serial_interface.o
                0x0800152c                UARTSend
 .text.NVIC_Init
                0x08001570       0xc4 ..\obj\misc.o
                0x08001570                NVIC_Init
 *(.init)
 *(.fini)
 *crtbegin.o(.ctors)
 *crtbegin?.o(.ctors)
 *(EXCLUDE_FILE(*crtend.o *crtend?.o) .ctors)
 *(SORT(.ctors.*))
 *(.ctors)
 *crtbegin.o(.dtors)
 *crtbegin?.o(.dtors)
 *(EXCLUDE_FILE(*crtend.o *crtend?.o) .dtors)
 *(SORT(.dtors.*))
 *(.dtors)
 *(.rodata*)
 .rodata        0x08001634        0x8 ..\obj\main.o
 *(.eh_fram e*)

.glue_7         0x0800163c        0x0
 .glue_7        0x00000000        0x0 linker stubs

.glue_7t        0x0800163c        0x0
 .glue_7t       0x00000000        0x0 linker stubs

.vfp11_veneer   0x0800163c        0x0
 .vfp11_veneer  0x00000000        0x0 linker stubs

.v4_bx          0x0800163c        0x0
 .v4_bx         0x00000000        0x0 linker stubs

.iplt           0x0800163c        0x0
 .iplt          0x00000000        0x0 ..\obj\stm32f10x_tim.o

.rel.dyn        0x0800163c        0x0
 .rel.iplt      0x00000000        0x0 ..\obj\stm32f10x_tim.o

.ARM.extab
 *(.ARM.extab* .gnu.linkonce.armextab.*)
                0x0800163c                __exidx_start = .

.ARM.exidx
 *(.ARM.exidx* .gnu.linkonce.armexidx.*)
                0x0800163c                __exidx_end = .
                0x0800163c                __etext = .
                0x0800163c                _sidata = __etext

.data           0x20000000       0x14 load address 0x0800163c
                0x20000000                __data_start__ = .
                0x20000000                _sdata = __data_start__
 *(vtable)
 *(.data*)
 .data          0x20000000       0x14 ..\obj\stm32f10x_rcc.o
                0x20000014                . = ALIGN (0x4)
                0x20000014                PROVIDE (__preinit_array_start, .)
 *(.preinit_array)
                0x20000014                PROVIDE (__preinit_array_end, .)
                0x20000014                . = ALIGN (0x4)
                0x20000014                PROVIDE (__init_array_start, .)
 *(SORT(.init_array.*))
 *(.init_array)
                0x20000014                PROVIDE (__init_array_end, .)
                0x20000014                . = ALIGN (0x4)
                0x20000014                PROVIDE (__fini_array_start, .)
 *(SORT(.fini_array.*))
 *(.fini_array)
                0x20000014                PROVIDE (__fini_array_end, .)
 *(.jcr*)
                0x20000014                . = ALIGN (0x4)
                0x20000014                __data_end__ = .
                0x20000014                _edata = __data_end__

.igot.plt       0x20000014        0x0 load address 0x08001650
 .igot.plt      0x00000000        0x0 ..\obj\stm32f10x_tim.o

.bss            0x20000014      0x110 load address 0x08001650
                0x20000014                . = ALIGN (0x4)
                0x20000014                __bss_start__ = .
                0x20000014                _sbss = __bss_start__
 *(.bss*)
 .bss           0x20000014       0x18 ..\obj\main.o
                0x20000014                CaptureNumber
                0x20000018                IC3ReadValue1
                0x2000001c                IC3ReadValue2
                0x20000020                Capture
                0x20000024                TIM3Freq
                0x20000026                i
                0x20000027                len
                0x20000028                start
 .bss           0x2000002c        0xc ..\obj\serial_interface.o
                0x2000002c                serial_rx_index_wr
                0x2000002e                serial_rx_index_rd
                0x20000030                serial_rx_count
                0x20000032                serial_tx_index_rd
                0x20000034                serial_tx_index_wr
                0x20000036                serial_tx_count
 *(COMMON)
 COMMON         0x20000038       0x22 ..\obj\main.o
                0x20000038                TIM_TimeBaseStructure
                0x20000044                TIM_ICInitStructure
                0x20000050                str
 *fill*         0x2000005a        0x2 
 COMMON         0x2000005c       0xc8 ..\obj\serial_interface.o
                0x2000005c                serial_rx_buff
                0x200000c0                serial_tx_buff
                0x20000124                . = ALIGN (0x4)
                0x20000124                __bss_end__ = .
                0x20000124                _ebss = __bss_end__

.heap           0x20000124        0x0
                0x20000124                __end__ = .
                0x20000124                _end = __end__
                0x20000124                end = __end__
 *(.heap*)
                0x20000124                __HeapLimit = .

.co_stack       0x20000124      0x404 load address 0x08001760
                0x20000128                . = ALIGN (0x8)
 *fill*         0x20000124        0x4 
 *(.co_stack .co_stack.*)
 .co_stack      0x20000128      0x400 ..\obj\startup_stm32f10x_hd.o
                0x20000128                pulStack
                0x20010000                __StackTop = (ORIGIN (ram) + 0x10000)
                0x2000fbfc                __StackLimit = (__StackTop - SIZEOF (.co_stack))
                0x20010000                PROVIDE (__stack, __StackTop)
                0x00000001                ASSERT ((__StackLimit >= __HeapLimit), region ram  overflowed with stack)
LOAD ..\obj\stm32f10x_tim.o
LOAD ..\obj\system_stm32f10x.o
LOAD ..\obj\startup_stm32f10x_hd.o
LOAD ..\obj\stm32f10x_gpio.o
LOAD ..\obj\main.o
LOAD ..\obj\stm32f10x_rcc.o
LOAD ..\obj\stm32f10x_exti.o
LOAD ..\obj\stm32f10x_usart.o
LOAD ..\obj\serial_interface.o
LOAD ..\obj\misc.o
START GROUP
LOAD c:/program files (x86)/gnu tools arm embedded/4.9 2014q4/bin/../lib/gcc/arm-none-eabi/4.9.3/armv7-m\libgcc.a
LOAD c:/program files (x86)/gnu tools arm embedded/4.9 2014q4/bin/../lib/gcc/arm-none-eabi/4.9.3/../../../../arm-none-eabi/lib/armv7-m\libg.a
LOAD c:/program files (x86)/gnu tools arm embedded/4.9 2014q4/bin/../lib/gcc/arm-none-eabi/4.9.3/../../../../arm-none-eabi/lib/armv7-m\libc.a
END GROUP
OUTPUT(stm_dev_board.elf elf32-littlearm)

.debug_info     0x00000000     0x4fbd
 .debug_info    0x00000000     0x1c58 ..\obj\stm32f10x_tim.o
 .debug_info    0x00001c58      0x479 ..\obj\system_stm32f10x.o
 .debug_info    0x000020d1       0xe9 ..\obj\startup_stm32f10x_hd.o
 .debug_info    0x000021ba      0x6e7 ..\obj\stm32f10x_gpio.o
 .debug_info    0x000028a1      0x81c ..\obj\main.o
 .debug_info    0x000030bd      0x88d ..\obj\stm32f10x_rcc.o
 .debug_info    0x0000394a      0x9e8 ..\obj\stm32f10x_usart.o
 .debug_info    0x00004332      0x74e ..\obj\serial_interface.o
 .debug_info    0x00004a80      0x53d ..\obj\misc.o

.debug_abbrev   0x00000000      0xd25
 .debug_abbrev  0x00000000      0x1b0 ..\obj\stm32f10x_tim.o
 .debug_abbrev  0x000001b0      0x14c ..\obj\system_stm32f10x.o
 .debug_abbrev  0x000002fc       0xa7 ..\obj\startup_stm32f10x_hd.o
 .debug_abbrev  0x000003a3      0x1c8 ..\obj\stm32f10x_gpio.o
 .debug_abbrev  0x0000056b      0x16b ..\obj\main.o
 .debug_abbrev  0x000006d6      0x1ba ..\obj\stm32f10x_rcc.o
 .debug_abbrev  0x00000890      0x162 ..\obj\stm32f10x_usart.o
 .debug_abbrev  0x000009f2      0x1ee ..\obj\serial_interface.o
 .debug_abbrev  0x00000be0      0x145 ..\obj\misc.o

.debug_aranges  0x00000000      0x6e0
 .debug_aranges
                0x00000000      0x2f0 ..\obj\stm32f10x_tim.o
 .debug_aranges
                0x000002f0       0x38 ..\obj\system_stm32f10x.o
 .debug_aranges
                0x00000328       0x28 ..\obj\startup_stm32f10x_hd.o
 .debug_aranges
                0x00000350       0xa8 ..\obj\stm32f10x_gpio.o
 .debug_aranges
                0x000003f8       0x40 ..\obj\main.o
 .debug_aranges
                0x00000438      0x118 ..\obj\stm32f10x_rcc.o
 .debug_aranges
                0x00000550      0x100 ..\obj\stm32f10x_usart.o
 .debug_aranges
                0x00000650       0x50 ..\obj\serial_interface.o
 .debug_aranges
                0x000006a0       0x40 ..\obj\misc.o

.debug_ranges   0x00000000      0x650
 .debug_ranges  0x00000000      0x2e0 ..\obj\stm32f10x_tim.o
 .debug_ranges  0x000002e0       0x28 ..\obj\system_stm32f10x.o
 .debug_ranges  0x00000308       0x18 ..\obj\startup_stm32f10x_hd.o
 .debug_ranges  0x00000320       0x98 ..\obj\stm32f10x_gpio.o
 .debug_ranges  0x000003b8       0x30 ..\obj\main.o
 .debug_ranges  0x000003e8      0x108 ..\obj\stm32f10x_rcc.o
 .debug_ranges  0x000004f0       0xf0 ..\obj\stm32f10x_usart.o
 .debug_ranges  0x000005e0       0x40 ..\obj\serial_interface.o
 .debug_ranges  0x00000620       0x30 ..\obj\misc.o

.debug_line     0x00000000     0x239d
 .debug_line    0x00000000      0xb07 ..\obj\stm32f10x_tim.o
 .debug_line    0x00000b07      0x22f ..\obj\system_stm32f10x.o
 .debug_line    0x00000d36       0xae ..\obj\startup_stm32f10x_hd.o
 .debug_line    0x00000de4      0x3df ..\obj\stm32f10x_gpio.o
 .debug_line    0x000011c3      0x2ae ..\obj\main.o
 .debug_line    0x00001471      0x4ec ..\obj\stm32f10x_rcc.o
 .debug_line    0x0000195d      0x4c2 ..\obj\stm32f10x_usart.o
 .debug_line    0x00001e1f      0x311 ..\obj\serial_interface.o
 .debug_line    0x00002130      0x26d ..\obj\misc.o

.debug_str      0x00000000     0x2323
 .debug_str     0x00000000      0xd2e ..\obj\stm32f10x_tim.o
                                0xdf1 (size before relaxing)
 .debug_str     0x00000d2e      0x17e ..\obj\system_stm32f10x.o
                                0x303 (size before relaxing)
 .debug_str     0x00000eac       0xbc ..\obj\startup_stm32f10x_hd.o
                                0x153 (size before relaxing)
 .debug_str     0x00000f68      0x38a ..\obj\stm32f10x_gpio.o
                                0x52d (size before relaxing)
 .debug_str     0x000012f2      0x530 ..\obj\main.o
                                0x9b3 (size before relaxing)
 .debug_str     0x00001822      0x3f4 ..\obj\stm32f10x_rcc.o
                                0x62e (size before relaxing)
 .debug_str     0x00001c16      0x43b ..\obj\stm32f10x_usart.o
                                0x6a4 (size before relaxing)
 .debug_str     0x00002051      0x16d ..\obj\serial_interface.o
                                0x92c (size before relaxing)
 .debug_str     0x000021be      0x165 ..\obj\misc.o
                                0x3d2 (size before relaxing)

.comment        0x00000000       0x70
 .comment       0x00000000       0x70 ..\obj\stm32f10x_tim.o
                                 0x71 (size before relaxing)
 .comment       0x00000000       0x71 ..\obj\system_stm32f10x.o
 .comment       0x00000000       0x71 ..\obj\startup_stm32f10x_hd.o
 .comment       0x00000000       0x71 ..\obj\stm32f10x_gpio.o
 .comment       0x00000000       0x71 ..\obj\main.o
 .comment       0x00000000       0x71 ..\obj\stm32f10x_rcc.o
 .comment       0x00000000       0x71 ..\obj\stm32f10x_usart.o
 .comment       0x00000000       0x71 ..\obj\serial_interface.o
 .comment       0x00000000       0x71 ..\obj\misc.o

.ARM.attributes
                0x00000000       0x33
 .ARM.attributes
                0x00000000       0x33 ..\obj\stm32f10x_tim.o
 .ARM.attributes
                0x00000033       0x33 ..\obj\system_stm32f10x.o
 .ARM.attributes
                0x00000066       0x33 ..\obj\startup_stm32f10x_hd.o
 .ARM.attributes
                0x00000099       0x33 ..\obj\stm32f10x_gpio.o
 .ARM.attributes
                0x000000cc       0x33 ..\obj\main.o
 .ARM.attributes
                0x000000ff       0x33 ..\obj\stm32f10x_rcc.o
 .ARM.attributes
                0x00000132       0x33 ..\obj\stm32f10x_usart.o
 .ARM.attributes
                0x00000165       0x33 ..\obj\serial_interface.o
 .ARM.attributes
                0x00000198       0x33 ..\obj\misc.o

.debug_frame    0x00000000     0x1dec
 .debug_frame   0x00000000      0xe2c ..\obj\stm32f10x_tim.o
 .debug_frame   0x00000e2c       0x98 ..\obj\system_stm32f10x.o
 .debug_frame   0x00000ec4       0x4c ..\obj\startup_stm32f10x_hd.o
 .debug_frame   0x00000f10      0x2d0 ..\obj\stm32f10x_gpio.o
 .debug_frame   0x000011e0       0xac ..\obj\main.o
 .debug_frame   0x0000128c      0x4f4 ..\obj\stm32f10x_rcc.o
 .debug_frame   0x00001780      0x490 ..\obj\stm32f10x_usart.o
 .debug_frame   0x00001c10      0x104 ..\obj\serial_interface.o
 .debug_frame   0x00001d14       0xd8 ..\obj\misc.o
